Microchip MPLAB XC8 Compiler V2.35

Linker command line:

-W-3 --edf=C:\Program Files\Microchip\xc8\v2.35\pic\dat\en_msgs.txt -cn \
  -h+dist/default/production\proyecto_final_dar-alv.X.production.sym \
  --cmf=dist/default/production\proyecto_final_dar-alv.X.production.cmf -z \
  -Q16F887 -oC:\Users\luisg\AppData\Local\Temp\xcAsuj0.4 \
  --defsym=__MPLAB_BUILD=1 \
  -Mdist/default/production/proyecto_final_dar-alv.X.production.map \
  --md=C:\Users\luisg\AppData\Local\Temp\xcAsuj0.dat -E1 -ver=XC8 Compiler \
  --acfsm=1493 -ACODE=00h-07FFhx4 -ASTRCODE=00h-01FFFh -ASTRING=00h-0FFhx32 \
  -ACONST=00h-0FFhx32 -AENTRY=00h-0FFhx32 -ACOMMON=070h-07Fh \
  -ABANK0=020h-06Fh -ABANK1=0A0h-0EFh -ABANK2=0110h-016Fh \
  -ABANK3=0190h-01EFh -ARAM=020h-06Fh,0A0h-0EFh,0110h-016Fh,0190h-01EFh \
  -AABS1=020h-07Fh,0A0h-0EFh,0110h-016Fh,0190h-01EFh -ASFR0=00h-01Fh \
  -ASFR1=080h-09Fh -ASFR2=0100h-010Fh -ASFR3=0180h-018Fh \
  -ACONFIG=02007h-02008h -DCONFIG=2 -AIDLOC=02000h-02003h -DIDLOC=2 \
  -AEEDATA=00h-0FFh/02100h -peeprom_data=EEDATA -DEEDATA=2 -DCODE=2 \
  -DSTRCODE=2 -DSTRING=2 -DCONST=2 -DENTRY=2 \
  -preset_vec=00h,intentry=04h,init,end_init -ppowerup=CODE -pcinit=CODE \
  -pfunctab=ENTRY -k C:\Users\luisg\AppData\Local\Temp\xcAsuj0.o \
  dist/default/production\proyecto_final_dar-alv.X.production.o 

Object code version is 3.11

Machine type is 16F887



                Name                               Link     Load   Length Selector   Space Scale
C:\Users\luisg\AppData\Local\Temp\xcAsuj0.o
                end_init                             10       10        3        8       0
                reset_vec                             0        0        3        0       0
                config                             2007     2007        2        0       4
                idloc                              2000     2000        4        0       5
dist/default/production\proyecto_final_dar-alv.X.production.o
                cinit                                13       13       44        8       0
                intentry                              4        4        C        8       0
                config                             2007     2007        2        0       4
                idloc                              2000     2000        4        0       5
                text20                              7F3      7F3        D        8       0
                text19                              7DE      7DE       15        8       0
                text18                             18D2     18D2       55     31A4       0
                text17                              789      789       55        8       0
                text16                             1D78     1D78      288     3AF0       0
                text15                              5AC      5AC      1DD        8       0
                text14                             1882     1882       27     3104       0
                text13                             149F     149F      361     293E       0
                text12                             19BB     19BB       9C     3376       0
                text11                             1A57     1A57       BA     34AE       0
                text10                              807      807       B2     100E       0
                text9                               B59      B59      4A7     16B2       0
                text8                              1217     1217      288     242E       0
                text7                               8B9      8B9      2A0     1172       0
                text6                              18A9     18A9       29     3152       0
                text5                                57       57      555        8       0
                text4                              1001     1001       7C     2002       0
                text3                              107D     107D       BC     20FA       0
                text2                              1139     1139       DE     2272       0
                text1                              1927     1927       94     324E       0
                maintext                           1B11     1B11      267     3622       0
                cstackBANK0                          20       20       4F       20       1
                cstackCOMMON                         70       70        E       70       1
                cstackBANK1                          A0       A0       30       A0       1
                cstackBANK3                         190      190       4B      190       1
                bssBANK3                            1DB      1DB        4      190       1
                dataBANK1                            DA       DA        6       A0       1
                bssBANK1                             D0       D0        A       A0       1
                dataBANK0                            6F       6F        1       20       1
                idataBANK1                          801      801        6     1002       0
                idataBANK0                            3        3        1        0       0

TOTAL           Name                               Link     Load   Length     Space
        CLASS   CODE           
                end_init                             10       10        3         0
                cinit                                13       13       44         0
                intentry                              4        4        C         0
                reset_vec                             0        0        3         0
                text20                              7F3      7F3        D         0
                text19                              7DE      7DE       15         0
                text18                             18D2     18D2       55         0
                text17                              789      789       55         0
                text16                             1D78     1D78      288         0
                text15                              5AC      5AC      1DD         0
                text14                             1882     1882       27         0
                text13                             149F     149F      361         0
                text12                             19BB     19BB       9C         0
                text11                             1A57     1A57       BA         0
                text10                              807      807       B2         0
                text9                               B59      B59      4A7         0
                text8                              1217     1217      288         0
                text7                               8B9      8B9      2A0         0
                text6                              18A9     18A9       29         0
                text5                                57       57      555         0
                text4                              1001     1001       7C         0
                text3                              107D     107D       BC         0
                text2                              1139     1139       DE         0
                text1                              1927     1927       94         0
                maintext                           1B11     1B11      267         0
                idataBANK1                          801      801        6         0
                idataBANK0                            3        3        1         0

        CLASS   STRCODE        

        CLASS   STRING         

        CLASS   CONST          

        CLASS   ENTRY          

        CLASS   COMMON         
                cstackCOMMON                         70       70        E         1

        CLASS   BANK0          
                cstackBANK0                          20       20       4F         1
                dataBANK0                            6F       6F        1         1

        CLASS   BANK1          
                cstackBANK1                          A0       A0       30         1
                dataBANK1                            DA       DA        6         1
                bssBANK1                             D0       D0        A         1

        CLASS   BANK2          

        CLASS   BANK3          
                cstackBANK3                         190      190       4B         1
                bssBANK3                            1DB      1DB        4         1

        CLASS   RAM            

        CLASS   ABS1           
                abs_s1                               7E       7E        2         1

        CLASS   SFR0           

        CLASS   SFR1           

        CLASS   SFR2           

        CLASS   SFR3           

        CLASS   CONFIG         
                config                             2007     2007        2         4

        CLASS   IDLOC          
                idloc                              2000     2000        4         5

        CLASS   EEDATA         

        CLASS   STACK          



SEGMENTS        Name                           Load    Length   Top    Selector   Space  Class     Delta

                reset_vec                      000000  000004  000004         0       0  CODE        2
                intentry                       000004  0007FC  000800         8       0  CODE        2
                cstackBANK0                    000020  000050  000070        20       1  BANK0       1
                cstackCOMMON                   000070  00000E  00007E        70       1  COMMON      1
                cstackBANK1                    0000A0  000040  0000E0        A0       1  BANK1       1
                cstackBANK3                    000190  00004F  0001DF       190       1  BANK3       1
                idataBANK1                     000801  000006  000807      1002       0  CODE        2
                text10                         000807  0000B2  0008B9      100E       0  CODE        2
                text7                          0008B9  0002A0  000B59      1172       0  CODE        2
                text9                          000B59  0004A7  001000      16B2       0  CODE        2
                text4                          001001  00007C  00107D      2002       0  CODE        2
                text3                          00107D  0000BC  001139      20FA       0  CODE        2
                text2                          001139  0000DE  001217      2272       0  CODE        2
                text8                          001217  000288  00149F      242E       0  CODE        2
                text13                         00149F  000361  001800      293E       0  CODE        2
                text14                         001882  000027  0018A9      3104       0  CODE        2
                text6                          0018A9  000029  0018D2      3152       0  CODE        2
                text18                         0018D2  000055  001927      31A4       0  CODE        2
                text1                          001927  000094  0019BB      324E       0  CODE        2
                text12                         0019BB  00009C  001A57      3376       0  CODE        2
                text11                         001A57  0000BA  001B11      34AE       0  CODE        2
                maintext                       001B11  000267  001D78      3622       0  CODE        2
                text16                         001D78  000288  002000      3AF0       0  CODE        2


UNUSED ADDRESS RANGES

        Name                Unused          Largest block    Delta
        BANK1            00E0-00EF             10           1
        BANK2            0110-016F             60           1
        BANK3            01DF-01EF             11           1
        CODE             0800-0800              1           2
                         1000-1000              1
                         1800-1881             82
        CONST            0800-0800              1           2
                         1000-1000              1
                         1800-1881             82
        EEDATA           2100-21FF            100           2
        ENTRY            0800-0800              1           2
                         1000-1000              1
                         1800-1881             82
        RAM              00E0-00EF             10           1
                         0110-016F             60
                         01DF-01EF             11
        SFR0             0000-001F             20           1
        SFR1             0080-009F             20           1
        SFR2             0100-010F             10           1
        SFR3             0180-018F             10           1
        STRCODE          0800-0800              1           2
                         1000-1000              1
                         1800-1881             82
        STRING           0800-0800              1           2
                         1000-1000              1
                         1800-1881             82

                                  Symbol Table

?__Umul8_16               cstackBANK1  00B0
?___fladd                 cstackBANK3  01B2
?___fldiv                 cstackBANK1  00BE
?___flmul                 cstackBANK3  019D
?___fltol                 cstackBANK3  01C6
?___xxtofl                cstackBANK1  00B0
?_map                     cstackBANK3  01D1
?i1__Umul8_16             cstackCOMMON 0070
?i1___fladd               cstackBANK0  0054
?i1___fldiv               cstackBANK0  0020
?i1___flmul               cstackBANK0  003A
?i1___fltol               cstackBANK0  0068
?i1___xxtofl              cstackCOMMON 0070
?i1_map                   cstackBANK1  00A5
EEPROM_read@adress        cstackCOMMON 0070
EEPROM_write@adress       cstackCOMMON 0071
EEPROM_write@data         cstackCOMMON 0070
_A                        dataBANK1    00DF
_ADCON0bits               (abs)        001F
_ADCON1bits               (abs)        009F
_ADRESH                   (abs)        001E
_ANSEL                    (abs)        0188
_ANSELH                   (abs)        0189
_B                        dataBANK0    006F
_BAUDCTLbits              (abs)        0187
_C                        dataBANK1    00DE
_CCP1CON                  (abs)        0017
_CCP1CONbits              (abs)        0017
_CCP2CON                  (abs)        001D
_CCP2CONbits              (abs)        001D
_CCPR                     bssBANK1     00D2
_CCPR1L                   (abs)        0015
_CCPR2L                   (abs)        001B
_CCPRx                    bssBANK1     00D0
_D                        dataBANK1    00DD
_E                        dataBANK1    00DC
_EEADR                    (abs)        010D
_EECON1bits               (abs)        018C
_EECON2                   (abs)        018D
_EEDAT                    (abs)        010C
_EEPROM_read              text20       07F3
_EEPROM_write             text19       07DE
_F                        dataBANK1    00DB
_INTCONbits               (abs)        000B
_IOCBbits                 (abs)        0096
_OPTION_REGbits           (abs)        0081
_OSCCONbits               (abs)        008F
_PIE1bits                 (abs)        008C
_PIR1bits                 (abs)        000C
_PORTA                    (abs)        0005
_PORTAbits                (abs)        0005
_PORTB                    (abs)        0006
_PORTBbits                (abs)        0006
_PORTC                    (abs)        0007
_PORTD                    (abs)        0008
_PORTDbits                (abs)        0008
_PORTE                    (abs)        0009
_PR2                      (abs)        0092
_RCREG                    (abs)        001A
_RCSTAbits                (abs)        0018
_SPBRG                    (abs)        0099
_SPBRGH                   (abs)        009A
_SSPBUF                   (abs)        0013
_SSPCONbits               (abs)        0014
_SSPSTATbits              (abs)        0094
_T2CONbits                (abs)        0012
_TRISA                    (abs)        0085
_TRISBbits                (abs)        0086
_TRISC                    (abs)        0087
_TRISCbits                (abs)        0087
_TRISD                    (abs)        0088
_TRISE                    (abs)        0089
_TXSTAbits                (abs)        0098
_WPUBbits                 (abs)        0095
__Habs1                   abs1         0000
__Hbank0                  bank0        0000
__Hbank1                  bank1        0000
__Hbank2                  bank2        0000
__Hbank3                  bank3        0000
__HbssBANK1               bssBANK1     0000
__HbssBANK3               bssBANK3     0000
__Hcinit                  cinit        0057
__Hclrtext                clrtext      0000
__Hcode                   code         0000
__Hcommon                 common       0000
__Hconfig                 config       2009
__HcstackBANK0            cstackBANK0  0000
__HcstackBANK1            cstackBANK1  0000
__HcstackBANK3            cstackBANK3  0000
__HcstackCOMMON           cstackCOMMON 0000
__HdataBANK0              dataBANK0    0000
__HdataBANK1              dataBANK1    0000
__Heeprom_data            eeprom_data  0000
__Hend_init               end_init     0013
__Hfunctab                functab      0000
__HidataBANK0             idataBANK0   0000
__HidataBANK1             idataBANK1   0000
__Hidloc                  idloc        2004
__Hinit                   init         0010
__Hintentry               intentry     0010
__Hmaintext               maintext     0000
__Hpowerup                powerup      0000
__Hram                    ram          0000
__Hreset_vec              reset_vec    0003
__Hsfr0                   sfr0         0000
__Hsfr1                   sfr1         0000
__Hsfr2                   sfr2         0000
__Hsfr3                   sfr3         0000
__Hspace_0                (abs)        2000
__Hspace_1                (abs)        01DF
__Hspace_2                (abs)        0000
__Hspace_3                (abs)        0000
__Hspace_4                (abs)        4010
__Hstack                  stack        0000
__Hstrings                strings      0000
__Htext                   text         0000
__Labs1                   abs1         0000
__Lbank0                  bank0        0000
__Lbank1                  bank1        0000
__Lbank2                  bank2        0000
__Lbank3                  bank3        0000
__LbssBANK1               bssBANK1     0000
__LbssBANK3               bssBANK3     0000
__Lcinit                  cinit        0013
__Lclrtext                clrtext      0000
__Lcode                   code         0000
__Lcommon                 common       0000
__Lconfig                 config       0000
__LcstackBANK0            cstackBANK0  0000
__LcstackBANK1            cstackBANK1  0000
__LcstackBANK3            cstackBANK3  0000
__LcstackCOMMON           cstackCOMMON 0000
__LdataBANK0              dataBANK0    0000
__LdataBANK1              dataBANK1    0000
__Leeprom_data            eeprom_data  0000
__Lend_init               end_init     0010
__Lfunctab                functab      0000
__LidataBANK0             idataBANK0   0000
__LidataBANK1             idataBANK1   0000
__Lidloc                  idloc        0000
__Linit                   init         0010
__Lintentry               intentry     0004
__Lmaintext               maintext     0000
__Lpowerup                powerup      0000
__Lram                    ram          0000
__Lreset_vec              reset_vec    0000
__Lsfr0                   sfr0         0000
__Lsfr1                   sfr1         0000
__Lsfr2                   sfr2         0000
__Lsfr3                   sfr3         0000
__Lspace_0                (abs)        0000
__Lspace_1                (abs)        0000
__Lspace_2                (abs)        0000
__Lspace_3                (abs)        0000
__Lspace_4                (abs)        0000
__Lstack                  stack        0000
__Lstrings                strings      0000
__Ltext                   text         0000
__S0                      (abs)        2000
__S1                      (abs)        01DF
__S3                      (abs)        0000
__Umul8_16                text6        18A9
__Umul8_16@multiplicand   cstackBANK1  00B0
__Umul8_16@multiplier     cstackBANK1  00B8
__Umul8_16@product        cstackBANK1  00B4
__Umul8_16@word_mpld      cstackBANK1  00B6
___fladd                  text8        1217
___fladd@a                cstackBANK3  01B6
___fladd@aexp             cstackBANK3  01C3
___fladd@b                cstackBANK3  01B2
___fladd@bexp             cstackBANK3  01C4
___fladd@grs              cstackBANK3  01C5
___fladd@signs            cstackBANK3  01C2
___fldiv                  text7        08B9
___fldiv@a                cstackBANK1  00BE
___fldiv@aexp             cstackBANK3  019C
___fldiv@b                cstackBANK1  00C2
___fldiv@bexp             cstackBANK3  019B
___fldiv@grs              cstackBANK3  0197
___fldiv@new_exp          cstackBANK3  0195
___fldiv@rem              cstackBANK3  0190
___fldiv@sign             cstackBANK3  0194
___flmul                  text5        0057
___flmul@a                cstackBANK3  01A1
___flmul@aexp             cstackBANK3  01A6
___flmul@b                cstackBANK3  019D
___flmul@bexp             cstackBANK3  01AB
___flmul@grs              cstackBANK3  01A7
___flmul@prod             cstackBANK3  01AC
___flmul@sign             cstackBANK3  01A5
___flmul@temp             cstackBANK3  01B0
___fltol                  text4        1001
___fltol@exp1             cstackBANK3  01D0
___fltol@f1               cstackBANK3  01C6
___fltol@sign1            cstackBANK3  01CF
___int_sp                 stack        0000
___latbits                (abs)        0002
___sp                     stack        0000
___stackhi                (abs)        0000
___stacklo                (abs)        0000
___xxtofl                 text3        107D
___xxtofl@arg             cstackBANK1  00BA
___xxtofl@exp             cstackBANK1  00B9
___xxtofl@sign            cstackBANK1  00B8
___xxtofl@val             cstackBANK1  00B0
__end_of_EEPROM_read      text20       0800
__end_of_EEPROM_write     text19       07F3
__end_of__Umul8_16        text6        18D2
__end_of___fladd          text8        149F
__end_of___fldiv          text7        0B59
__end_of___flmul          text5        05AC
__end_of___fltol          text4        107D
__end_of___xxtofl         text3        1139
__end_of__initialization  cinit        0053
__end_of_isr              text9        1000
__end_of_load_data_rb1    text18       1927
__end_of_load_data_rb2    text17       07DE
__end_of_main             maintext     1D78
__end_of_map              text2        1217
__end_of_setup            text1        19BB
__end_ofi1__Umul8_16      text14       18A9
__end_ofi1___fladd        text16       2000
__end_ofi1___fldiv        text15       0789
__end_ofi1___flmul        text13       1800
__end_ofi1___fltol        text12       1A57
__end_ofi1___xxtofl       text11       1B11
__end_ofi1_map            text10       08B9
__initialization          cinit        0013
__pbssBANK1               bssBANK1     00D0
__pbssBANK3               bssBANK3     01DB
__pcstackBANK0            cstackBANK0  0020
__pcstackBANK1            cstackBANK1  00A0
__pcstackBANK3            cstackBANK3  0190
__pcstackCOMMON           cstackCOMMON 0070
__pdataBANK0              dataBANK0    006F
__pdataBANK1              dataBANK1    00DA
__pidataBANK0             idataBANK0   0003
__pidataBANK1             idataBANK1   0801
__pintentry               intentry     0004
__pmaintext               maintext     1B11
__ptext1                  text1        1927
__ptext10                 text10       0807
__ptext11                 text11       1A57
__ptext12                 text12       19BB
__ptext13                 text13       149F
__ptext14                 text14       1882
__ptext15                 text15       05AC
__ptext16                 text16       1D78
__ptext17                 text17       0789
__ptext18                 text18       18D2
__ptext19                 text19       07DE
__ptext2                  text2        1139
__ptext20                 text20       07F3
__ptext3                  text3        107D
__ptext4                  text4        1001
__ptext5                  text5        0057
__ptext6                  text6        18A9
__ptext7                  text7        08B9
__ptext8                  text8        1217
__ptext9                  text9        0B59
_estado                   dataBANK1    00DA
_isr                      text9        0B59
_load_data_rb1            text18       18D2
_load_data_rb2            text17       0789
_main                     maintext     1B11
_map                      text2        1139
_pot1_in                  bssBANK1     00D9
_pot1_serial              bssBANK3     01DE
_pot2_in                  bssBANK1     00D8
_pot2_serial              bssBANK3     01DD
_pot3_in                  bssBANK1     00D7
_pot3_serial              bssBANK3     01DC
_pot4_in                  bssBANK1     00D6
_pot4_serial              bssBANK3     01DB
_serial_val               bssBANK1     00D5
_servo_sel                bssBANK1     00D4
_setup                    text1        1927
btemp                     (abs)        007E
end_of_initialization     cinit        0053
i1__Umul8_16              text14       1882
i1__Umul8_16@multiplicand cstackCOMMON 0070
i1__Umul8_16@multiplier   cstackCOMMON 0078
i1__Umul8_16@product      cstackCOMMON 0074
i1__Umul8_16@word_mpld    cstackCOMMON 0076
i1___fladd                text16       1D78
i1___fladd@a              cstackBANK0  0058
i1___fladd@aexp           cstackBANK0  0065
i1___fladd@b              cstackBANK0  0054
i1___fladd@bexp           cstackBANK0  0066
i1___fladd@grs            cstackBANK0  0067
i1___fladd@signs          cstackBANK0  0064
i1___fldiv                text15       05AC
i1___fldiv@a              cstackBANK0  0020
i1___fldiv@aexp           cstackBANK0  0039
i1___fldiv@b              cstackBANK0  0024
i1___fldiv@bexp           cstackBANK0  0038
i1___fldiv@grs            cstackBANK0  0034
i1___fldiv@new_exp        cstackBANK0  0032
i1___fldiv@rem            cstackBANK0  002D
i1___fldiv@sign           cstackBANK0  0031
i1___flmul                text13       149F
i1___flmul@a              cstackBANK0  003E
i1___flmul@aexp           cstackBANK0  004C
i1___flmul@b              cstackBANK0  003A
i1___flmul@bexp           cstackBANK0  004D
i1___flmul@grs            cstackBANK0  0048
i1___flmul@prod           cstackBANK0  004E
i1___flmul@sign           cstackBANK0  0047
i1___flmul@temp           cstackBANK0  0052
i1___fltol                text12       19BB
i1___fltol@exp1           cstackBANK0  006D
i1___fltol@f1             cstackBANK0  0068
i1___fltol@sign1          cstackBANK0  006C
i1___xxtofl               text11       1A57
i1___xxtofl@arg           cstackCOMMON 007A
i1___xxtofl@exp           cstackCOMMON 0079
i1___xxtofl@sign          cstackCOMMON 0078
i1___xxtofl@val           cstackCOMMON 0070
i1_map                    text10       0807
i1map@x                   cstackBANK0  006E
i1map@x0                  cstackBANK1  00A5
i1map@x1                  cstackBANK1  00A6
i1map@y0                  cstackBANK1  00A7
i1map@y1                  cstackBANK1  00A9
interrupt_function        intentry     0004
intlevel0                 functab      0000
intlevel1                 functab      0000
intlevel2                 functab      0000
intlevel3                 functab      0000
intlevel4                 functab      0000
intlevel5                 functab      0000
map@x                     cstackBANK3  01D7
map@x0                    cstackBANK3  01D1
map@x1                    cstackBANK3  01D2
map@y0                    cstackBANK3  01D3
map@y1                    cstackBANK3  01D5
reset_vec                 reset_vec    0000
saved_w                   (abs)        007E
start                     init         0010
start_initialization      cinit        0013
wtemp0                    (abs)        007E


MODULE INFORMATION

Module		Function		Class		Link	Load	Size
C:\Program Files\Microchip\xc8\v2.35\pic\sources\c90\common\xxtofl.c
		___xxtofl      		CODE           	107D	0000	188

C:\Program Files\Microchip\xc8\v2.35\pic\sources\c90\common\xxtofl.c estimated size: 188

master_main_dar-alv.c
		_map           		CODE           	1139	0000	222
		_EEPROM_read   		CODE           	07F3	0000	13
		_EEPROM_write  		CODE           	07DE	0000	21
		_main          		CODE           	1B11	0000	615
		_isr           		CODE           	0B59	0000	1191
		_setup         		CODE           	1927	0000	148
		_load_data_rb1 		CODE           	18D2	0000	85
		_load_data_rb2 		CODE           	0789	0000	85

master_main_dar-alv.c estimated size: 2380

C:\Program Files\Microchip\xc8\v2.35\pic\sources\c90\common\fltol.c
		___fltol       		CODE           	1001	0000	124

C:\Program Files\Microchip\xc8\v2.35\pic\sources\c90\common\fltol.c estimated size: 124

C:\Program Files\Microchip\xc8\v2.35\pic\sources\c90\common\sprcmul.c
		___flmul       		CODE           	0057	0000	1365

C:\Program Files\Microchip\xc8\v2.35\pic\sources\c90\common\sprcmul.c estimated size: 1365

C:\Program Files\Microchip\xc8\v2.35\pic\sources\c90\common\sprcdiv.c
		___fldiv       		CODE           	08B9	0000	672

C:\Program Files\Microchip\xc8\v2.35\pic\sources\c90\common\sprcdiv.c estimated size: 672

shared
		i1___fladd     		CODE           	1D78	0000	648
		i1__Umul8_16   		CODE           	1882	0000	39
		i1___fldiv     		CODE           	05AC	0000	477
		i1___fltol     		CODE           	19BB	0000	156
		__initialization		CODE           	0013	0000	64
		i1___flmul     		CODE           	149F	0000	865
		i1___xxtofl    		CODE           	1A57	0000	186
		i1_map         		CODE           	0807	0000	178

shared estimated size: 2613

C:\Program Files\Microchip\xc8\v2.35\pic\sources\c90\common\Umul8_16.c
		__Umul8_16     		CODE           	18A9	0000	41

C:\Program Files\Microchip\xc8\v2.35\pic\sources\c90\common\Umul8_16.c estimated size: 41

C:\Program Files\Microchip\xc8\v2.35\pic\sources\c90\common\sprcadd.c
		___fladd       		CODE           	1217	0000	648

C:\Program Files\Microchip\xc8\v2.35\pic\sources\c90\common\sprcadd.c estimated size: 648

