Microchip MPLAB XC8 Compiler V2.35

Linker command line:

-W-3 --edf=C:\Program Files\Microchip\xc8\v2.35\pic\dat\en_msgs.txt -cn \
  -h+dist/default/production\proyecto_final_dar-alv.X.production.sym \
  --cmf=dist/default/production\proyecto_final_dar-alv.X.production.cmf -z \
  -Q16F887 -oC:\Users\luisg\AppData\Local\Temp\xcAsfeo.4 \
  --defsym=__MPLAB_BUILD=1 \
  -Mdist/default/production/proyecto_final_dar-alv.X.production.map \
  --md=C:\Users\luisg\AppData\Local\Temp\xcAsfeo.dat -E1 -ver=XC8 Compiler \
  --acfsm=1493 -ACODE=00h-07FFhx4 -ASTRCODE=00h-01FFFh -ASTRING=00h-0FFhx32 \
  -ACONST=00h-0FFhx32 -AENTRY=00h-0FFhx32 -ACOMMON=070h-07Fh \
  -ABANK0=020h-06Fh -ABANK1=0A0h-0EFh -ABANK2=0110h-016Fh \
  -ABANK3=0190h-01EFh -ARAM=020h-06Fh,0A0h-0EFh,0110h-016Fh,0190h-01EFh \
  -AABS1=020h-07Fh,0A0h-0EFh,0110h-016Fh,0190h-01EFh -ASFR0=00h-01Fh \
  -ASFR1=080h-09Fh -ASFR2=0100h-010Fh -ASFR3=0180h-018Fh \
  -ACONFIG=02007h-02008h -DCONFIG=2 -AIDLOC=02000h-02003h -DIDLOC=2 \
  -AEEDATA=00h-0FFh/02100h -peeprom_data=EEDATA -DEEDATA=2 -DCODE=2 \
  -DSTRCODE=2 -DSTRING=2 -DCONST=2 -DENTRY=2 \
  -preset_vec=00h,intentry=04h,init,end_init -ppowerup=CODE -pcinit=CODE \
  -pfunctab=ENTRY -k C:\Users\luisg\AppData\Local\Temp\xcAsfeo.o \
  dist/default/production\proyecto_final_dar-alv.X.production.o 

Object code version is 3.11

Machine type is 16F887



                Name                               Link     Load   Length Selector   Space Scale
C:\Users\luisg\AppData\Local\Temp\xcAsfeo.o
                end_init                             10       10        3        8       0
                reset_vec                             0        0        3        0       0
                config                             2007     2007        2        0       4
                idloc                              2000     2000        4        0       5
dist/default/production\proyecto_final_dar-alv.X.production.o
                cinit                                13       13       1C        8       0
                intentry                              4        4        C        8       0
                config                             2007     2007        2        0       4
                idloc                              2000     2000        4        0       5
                text13                              833      833        D     1066       0
                text12                              7E7      7E7       15        8       0
                text11                             1756     1756       55     2EAC       0
                text10                             17AB     17AB       55     2F56       0
                text9                               D78      D78      288     1AF0       0
                text8                               B9B      B9B      1DD     1736       0
                text7                               7C0      7C0       27        8       0
                text6                               45F      45F      361        8       0
                text5                               8D1      8D1       9C     11A2       0
                text4                               A1F      A1F       BA     143E       0
                text3                               96D      96D       B2     12DA       0
                text2                                2F       2F      430        8       0
                text1                               853      853       7E     10A6       0
                maintext                            AD9      AD9       C2     15B2       0
                cstackBANK0                          20       20       4F       20       1
                cstackCOMMON                         70       70        E       70       1
                cstackBANK1                          A0       A0       13       A0       1
                inittext                            840      840       13     1080       0
                dataBANK1                            BB       BB        7       A0       1
                bssBANK1                             B3       B3        8       A0       1
                idataBANK1                          82C      82C        7     1058       0

TOTAL           Name                               Link     Load   Length     Space
        CLASS   CODE           
                end_init                             10       10        3         0
                cinit                                13       13       1C         0
                intentry                              4        4        C         0
                reset_vec                             0        0        3         0
                text13                              833      833        D         0
                text12                              7E7      7E7       15         0
                text11                             1756     1756       55         0
                text10                             17AB     17AB       55         0
                text9                               D78      D78      288         0
                text8                               B9B      B9B      1DD         0
                text7                               7C0      7C0       27         0
                text6                               45F      45F      361         0
                text5                               8D1      8D1       9C         0
                text4                               A1F      A1F       BA         0
                text3                               96D      96D       B2         0
                text2                                2F       2F      430         0
                text1                               853      853       7E         0
                maintext                            AD9      AD9       C2         0
                inittext                            840      840       13         0
                idataBANK1                          82C      82C        7         0

        CLASS   STRCODE        

        CLASS   STRING         

        CLASS   CONST          

        CLASS   ENTRY          

        CLASS   COMMON         
                cstackCOMMON                         70       70        E         1

        CLASS   BANK0          
                cstackBANK0                          20       20       4F         1

        CLASS   BANK1          
                cstackBANK1                          A0       A0       13         1
                dataBANK1                            BB       BB        7         1
                bssBANK1                             B3       B3        8         1

        CLASS   BANK2          

        CLASS   BANK3          

        CLASS   RAM            

        CLASS   ABS1           
                abs_s1                               7E       7E        2         1

        CLASS   SFR0           

        CLASS   SFR1           

        CLASS   SFR2           

        CLASS   SFR3           

        CLASS   CONFIG         
                config                             2007     2007        2         4

        CLASS   IDLOC          
                idloc                              2000     2000        4         5

        CLASS   EEDATA         

        CLASS   STACK          



SEGMENTS        Name                           Load    Length   Top    Selector   Space  Class     Delta

                reset_vec                      000000  000003  000003         0       0  CODE        2
                intentry                       000004  0007F8  0007FC         8       0  CODE        2
                cstackBANK0                    000020  00004F  00006F        20       1  BANK0       1
                cstackCOMMON                   000070  00000E  00007E        70       1  COMMON      1
                cstackBANK1                    0000A0  000022  0000C2        A0       1  BANK1       1
                idataBANK1                     00082C  000007  000833      1058       0  CODE        2
                text13                         000833  00000D  000840      1066       0  CODE        2
                inittext                       000840  000013  000853      1080       0  CODE        2
                text1                          000853  00007E  0008D1      10A6       0  CODE        2
                text5                          0008D1  00009C  00096D      11A2       0  CODE        2
                text3                          00096D  0000B2  000A1F      12DA       0  CODE        2
                text4                          000A1F  0000BA  000AD9      143E       0  CODE        2
                maintext                       000AD9  0000C2  000B9B      15B2       0  CODE        2
                text8                          000B9B  0001DD  000D78      1736       0  CODE        2
                text9                          000D78  000288  001000      1AF0       0  CODE        2
                text11                         001756  000055  0017AB      2EAC       0  CODE        2
                text10                         0017AB  000055  001800      2F56       0  CODE        2


UNUSED ADDRESS RANGES

        Name                Unused          Largest block    Delta
        BANK0            006F-006F              1           1
        BANK1            00C2-00EF             2E           1
        BANK2            0110-016F             60           1
        BANK3            0190-01EF             60           1
        CODE             0003-0003              1           2
                         07FC-082B              4
                         1000-1755            756
                         1800-1FFF            800
        CONST            0003-0003              1           2
                         07FC-082B              4
                         1000-1755            100
                         1800-1FFF            100
        EEDATA           2100-21FF            100           2
        ENTRY            0003-0003              1           2
                         07FC-082B              4
                         1000-1755            100
                         1800-1FFF            100
        RAM              006F-006F              1           1
                         00C2-00EF             2E
                         0110-016F             60
                         0190-01EF             60
        SFR0             0000-001F             20           1
        SFR1             0080-009F             20           1
        SFR2             0100-010F             10           1
        SFR3             0180-018F             10           1
        STRCODE          0003-0003              1           2
                         07FC-082B             30
                         1000-1755            756
                         1800-1FFF            800
        STRING           0003-0003              1           2
                         07FC-082B              4
                         1000-1755            100
                         1800-1FFF            100

                                  Symbol Table

?__Umul8_16              cstackCOMMON 0070
?___fladd                cstackBANK0  0054
?___fldiv                cstackBANK0  0020
?___flmul                cstackBANK0  003A
?___fltol                cstackBANK0  0068
?___xxtofl               cstackCOMMON 0070
?_map                    cstackBANK1  00A5
EEPROM_read@adress       cstackCOMMON 0070
EEPROM_write@adress      cstackCOMMON 0071
EEPROM_write@data        cstackCOMMON 0070
_A                       dataBANK1    00C1
_ADCON0bits              (abs)        001F
_ADCON1bits              (abs)        009F
_ADRESH                  (abs)        001E
_ANSEL                   (abs)        0188
_ANSELH                  (abs)        0189
_B                       dataBANK1    00C0
_C                       dataBANK1    00BF
_CCP1CON                 (abs)        0017
_CCP1CONbits             (abs)        0017
_CCP2CON                 (abs)        001D
_CCP2CONbits             (abs)        001D
_CCPR                    bssBANK1     00B5
_CCPR1L                  (abs)        0015
_CCPR2L                  (abs)        001B
_CCPRx                   bssBANK1     00B3
_D                       dataBANK1    00BE
_E                       dataBANK1    00BD
_EEADR                   (abs)        010D
_EECON1bits              (abs)        018C
_EECON2                  (abs)        018D
_EEDAT                   (abs)        010C
_EEPROM_read             text13       0833
_EEPROM_write            text12       07E7
_F                       dataBANK1    00BC
_INTCONbits              (abs)        000B
_IOCBbits                (abs)        0096
_OPTION_REGbits          (abs)        0081
_OSCCONbits              (abs)        008F
_PIE1bits                (abs)        008C
_PIR1bits                (abs)        000C
_PORTA                   (abs)        0005
_PORTAbits               (abs)        0005
_PORTB                   (abs)        0006
_PORTBbits               (abs)        0006
_PORTC                   (abs)        0007
_PORTD                   (abs)        0008
_PORTDbits               (abs)        0008
_PORTE                   (abs)        0009
_PR2                     (abs)        0092
_SSPBUF                  (abs)        0013
_SSPCONbits              (abs)        0014
_SSPSTATbits             (abs)        0094
_T2CONbits               (abs)        0012
_TRISA                   (abs)        0085
_TRISB                   (abs)        0086
_TRISBbits               (abs)        0086
_TRISC                   (abs)        0087
_TRISCbits               (abs)        0087
_TRISD                   (abs)        0088
_TRISE                   (abs)        0089
_WPUBbits                (abs)        0095
__Habs1                  abs1         0000
__Hbank0                 bank0        0000
__Hbank1                 bank1        0000
__Hbank2                 bank2        0000
__Hbank3                 bank3        0000
__HbssBANK1              bssBANK1     0000
__Hcinit                 cinit        002F
__Hclrtext               clrtext      0000
__Hcode                  code         0000
__Hcommon                common       0000
__Hconfig                config       2009
__HcstackBANK0           cstackBANK0  0000
__HcstackBANK1           cstackBANK1  0000
__HcstackCOMMON          cstackCOMMON 0000
__HdataBANK1             dataBANK1    0000
__Heeprom_data           eeprom_data  0000
__Hend_init              end_init     0013
__Hfunctab               functab      0000
__HidataBANK1            idataBANK1   0000
__Hidloc                 idloc        2004
__Hinit                  init         0010
__Hinittext              inittext     0000
__Hintentry              intentry     0010
__Hmaintext              maintext     0000
__Hpowerup               powerup      0000
__Hram                   ram          0000
__Hreset_vec             reset_vec    0003
__Hsfr0                  sfr0         0000
__Hsfr1                  sfr1         0000
__Hsfr2                  sfr2         0000
__Hsfr3                  sfr3         0000
__Hspace_0               (abs)        1800
__Hspace_1               (abs)        00C2
__Hspace_2               (abs)        0000
__Hspace_3               (abs)        0000
__Hspace_4               (abs)        4010
__Hstack                 stack        0000
__Hstrings               strings      0000
__Htext                  text         0000
__Labs1                  abs1         0000
__Lbank0                 bank0        0000
__Lbank1                 bank1        0000
__Lbank2                 bank2        0000
__Lbank3                 bank3        0000
__LbssBANK1              bssBANK1     0000
__Lcinit                 cinit        0013
__Lclrtext               clrtext      0000
__Lcode                  code         0000
__Lcommon                common       0000
__Lconfig                config       0000
__LcstackBANK0           cstackBANK0  0000
__LcstackBANK1           cstackBANK1  0000
__LcstackCOMMON          cstackCOMMON 0000
__LdataBANK1             dataBANK1    0000
__Leeprom_data           eeprom_data  0000
__Lend_init              end_init     0010
__Lfunctab               functab      0000
__LidataBANK1            idataBANK1   0000
__Lidloc                 idloc        0000
__Linit                  init         0010
__Linittext              inittext     0000
__Lintentry              intentry     0004
__Lmaintext              maintext     0000
__Lpowerup               powerup      0000
__Lram                   ram          0000
__Lreset_vec             reset_vec    0000
__Lsfr0                  sfr0         0000
__Lsfr1                  sfr1         0000
__Lsfr2                  sfr2         0000
__Lsfr3                  sfr3         0000
__Lspace_0               (abs)        0000
__Lspace_1               (abs)        0000
__Lspace_2               (abs)        0000
__Lspace_3               (abs)        0000
__Lspace_4               (abs)        0000
__Lstack                 stack        0000
__Lstrings               strings      0000
__Ltext                  text         0000
__S0                     (abs)        1800
__S1                     (abs)        00C2
__S3                     (abs)        0000
__Umul8_16               text7        07C0
__Umul8_16@multiplicand  cstackCOMMON 0070
__Umul8_16@multiplier    cstackCOMMON 0078
__Umul8_16@product       cstackCOMMON 0074
__Umul8_16@word_mpld     cstackCOMMON 0076
___fladd                 text9        0D78
___fladd@a               cstackBANK0  0058
___fladd@aexp            cstackBANK0  0065
___fladd@b               cstackBANK0  0054
___fladd@bexp            cstackBANK0  0066
___fladd@grs             cstackBANK0  0067
___fladd@signs           cstackBANK0  0064
___fldiv                 text8        0B9B
___fldiv@a               cstackBANK0  0020
___fldiv@aexp            cstackBANK0  0039
___fldiv@b               cstackBANK0  0024
___fldiv@bexp            cstackBANK0  0038
___fldiv@grs             cstackBANK0  0034
___fldiv@new_exp         cstackBANK0  0032
___fldiv@rem             cstackBANK0  002D
___fldiv@sign            cstackBANK0  0031
___flmul                 text6        045F
___flmul@a               cstackBANK0  003E
___flmul@aexp            cstackBANK0  004C
___flmul@b               cstackBANK0  003A
___flmul@bexp            cstackBANK0  004D
___flmul@grs             cstackBANK0  0048
___flmul@prod            cstackBANK0  004E
___flmul@sign            cstackBANK0  0047
___flmul@temp            cstackBANK0  0052
___fltol                 text5        08D1
___fltol@exp1            cstackBANK0  006D
___fltol@f1              cstackBANK0  0068
___fltol@sign1           cstackBANK0  006C
___int_sp                stack        0000
___latbits               (abs)        0002
___sp                    stack        0000
___stackhi               (abs)        0000
___stacklo               (abs)        0000
___xxtofl                text4        0A1F
___xxtofl@arg            cstackCOMMON 007A
___xxtofl@exp            cstackCOMMON 0079
___xxtofl@sign           cstackCOMMON 0078
___xxtofl@val            cstackCOMMON 0070
__end_of_EEPROM_read     text13       0840
__end_of_EEPROM_write    text12       07FC
__end_of__Umul8_16       text7        07E7
__end_of___fladd         text9        1000
__end_of___fldiv         text8        0D78
__end_of___flmul         text6        07C0
__end_of___fltol         text5        096D
__end_of___xxtofl        text4        0AD9
__end_of__initialization cinit        002B
__end_of_isr             text2        045F
__end_of_load_data_rb1   text11       17AB
__end_of_load_data_rb2   text10       1800
__end_of_main            maintext     0B9B
__end_of_map             text3        0A1F
__end_of_setup           text1        08D1
__initialization         cinit        0013
__pbssBANK1              bssBANK1     00B3
__pcstackBANK0           cstackBANK0  0020
__pcstackBANK1           cstackBANK1  00A0
__pcstackCOMMON          cstackCOMMON 0070
__pdataBANK1             dataBANK1    00BB
__pidataBANK1            idataBANK1   082C
__pintentry              intentry     0004
__pmaintext              maintext     0AD9
__ptext1                 text1        0853
__ptext10                text10       17AB
__ptext11                text11       1756
__ptext12                text12       07E7
__ptext13                text13       0833
__ptext2                 text2        002F
__ptext3                 text3        096D
__ptext4                 text4        0A1F
__ptext5                 text5        08D1
__ptext6                 text6        045F
__ptext7                 text7        07C0
__ptext8                 text8        0B9B
__ptext9                 text9        0D78
_estado                  dataBANK1    00BB
_isr                     text2        002F
_load_data_rb1           text11       1756
_load_data_rb2           text10       17AB
_main                    maintext     0AD9
_map                     text3        096D
_pot1_in                 bssBANK1     00BA
_pot2_in                 bssBANK1     00B9
_pot3_in                 bssBANK1     00B8
_pot4_in                 bssBANK1     00B7
_setup                   text1        0853
btemp                    (abs)        007E
end_of_initialization    cinit        002B
init_fetch0              inittext     0840
init_ram0                inittext     0844
interrupt_function       intentry     0004
intlevel0                functab      0000
intlevel1                functab      0000
intlevel2                functab      0000
intlevel3                functab      0000
intlevel4                functab      0000
intlevel5                functab      0000
map@x                    cstackBANK0  006E
map@x0                   cstackBANK1  00A5
map@x1                   cstackBANK1  00A6
map@y0                   cstackBANK1  00A7
map@y1                   cstackBANK1  00A9
reset_vec                reset_vec    0000
saved_w                  (abs)        007E
start                    init         0010
start_initialization     cinit        0013
wtemp0                   (abs)        007E


MODULE INFORMATION

Module		Function		Class		Link	Load	Size
C:\Program Files\Microchip\xc8\v2.35\pic\sources\c90\common\xxtofl.c
		___xxtofl      		CODE           	0A1F	0000	186

C:\Program Files\Microchip\xc8\v2.35\pic\sources\c90\common\xxtofl.c estimated size: 186

master_main_dar-alv.c
		_map           		CODE           	096D	0000	178
		_EEPROM_read   		CODE           	0833	0000	13
		_EEPROM_write  		CODE           	07E7	0000	21
		_main          		CODE           	0AD9	0000	194
		_isr           		CODE           	002F	0000	1072
		_setup         		CODE           	0853	0000	126
		_load_data_rb1 		CODE           	1756	0000	85
		_load_data_rb2 		CODE           	17AB	0000	85

master_main_dar-alv.c estimated size: 1774

C:\Program Files\Microchip\xc8\v2.35\pic\sources\c90\common\fltol.c
		___fltol       		CODE           	08D1	0000	156

C:\Program Files\Microchip\xc8\v2.35\pic\sources\c90\common\fltol.c estimated size: 156

C:\Program Files\Microchip\xc8\v2.35\pic\sources\c90\common\sprcmul.c
		___flmul       		CODE           	045F	0000	865

C:\Program Files\Microchip\xc8\v2.35\pic\sources\c90\common\sprcmul.c estimated size: 865

C:\Program Files\Microchip\xc8\v2.35\pic\sources\c90\common\sprcdiv.c
		___fldiv       		CODE           	0B9B	0000	477

C:\Program Files\Microchip\xc8\v2.35\pic\sources\c90\common\sprcdiv.c estimated size: 477

shared
		__initialization		CODE           	0013	0000	24

shared estimated size: 24

C:\Program Files\Microchip\xc8\v2.35\pic\sources\c90\common\Umul8_16.c
		__Umul8_16     		CODE           	07C0	0000	39

C:\Program Files\Microchip\xc8\v2.35\pic\sources\c90\common\Umul8_16.c estimated size: 39

C:\Program Files\Microchip\xc8\v2.35\pic\sources\c90\common\sprcadd.c
		___fladd       		CODE           	0D78	0000	648

C:\Program Files\Microchip\xc8\v2.35\pic\sources\c90\common\sprcadd.c estimated size: 648

